// Jest Snapshot v1, https://goo.gl/fbAQLP

exports[`JUnit formatter Should output a listing of results 1`] = `
"<?xml version=\\"1.0\\" encoding=\\"UTF-8\\"?>
<testsuites>
  <testsuite name=\\"Results\\" tests=\\"3\\" failures=\\"1\\" errors=\\"1\\" skipped=\\"0\\">
    <testcase classname=\\"OK\\" time=\\"0.01\\"/>
    <testcase classname=\\"WARN\\" time=\\"0.01\\">
      <error message=\\"m1\\"/>
    </testcase>
    <testcase classname=\\"ERR\\" time=\\"0.01\\">
      <failure message=\\"m1\\"/>
    </testcase>
  </testsuite>
</testsuites>"
`;

exports[`JUnit formatter Should output aggregates, marked by level 1`] = `
"<?xml version=\\"1.0\\" encoding=\\"UTF-8\\"?>
<testsuites>
  <testsuite name=\\"Aggregates\\" tests=\\"3\\" failures=\\"1\\" errors=\\"1\\" skipped=\\"0\\">
    <testcase classname=\\"ok\\" name=\\"OK metric\\">
      <system-out>
        <![CDATA[0]]>
      </system-out>
    </testcase>
    <testcase classname=\\"warn\\" name=\\"WARN metric\\">
      <error/>
      <system-out>
        <![CDATA[2]]>
      </system-out>
    </testcase>
    <testcase classname=\\"err\\" name=\\"ERR metric\\">
      <failure/>
      <system-out>
        <![CDATA[5]]>
      </system-out>
    </testcase>
  </testsuite>
</testsuites>"
`;
