// Jest Snapshot v1, https://goo.gl/fbAQLP

exports[`Crawl Handler Displays output to indicate the status of the crawl 1`] = `
"- Starting
Crawling [32mâœ”[39m Finished Crawling
CONSOLE_ANALYSIS:color
"
`;
